
=== EMAIL LOCAL ===
Para: admin@lojavirtual.test
Assunto: Backup BD concluído
Conteúdo:
Template não encontrado: Backup BD: C:/wamp64/www/lojavirtual/backups/BaseDados/2026/03/backup_db_2026-03-14_23-57-59.sql.zip


=== EMAIL LOCAL ===
Para: admin@lojavirtual.test
Assunto: Backup FILES concluído
Conteúdo:
Template não encontrado: Backup FILES: C:/wamp64/www/lojavirtual/backups/Ficheiros/2026/03/backup_files_2026-03-14_23-58-28.zip


=== EMAIL LOCAL ===
Para: admin@lojavirtual.test
Assunto: Backup FILES concluído
Conteúdo:
Template não encontrado: Backup FILES: C:/wamp64/www/lojavirtual/backups/Ficheiros/2026/03/backup_files_2026-03-23_21-47-21.zip


=== EMAIL LOCAL ===
Para: admin@lojavirtual.test
Assunto: Backup BD concluído
Conteúdo:
Template não encontrado: Backup BD: C:/wamp64/www/lojavirtual/backups/BaseDados/2026/03/backup_db_2026-03-30_18-19-14.sql.zip


=== EMAIL LOCAL ===
Para: admin@lojavirtual.test
Assunto: Backup FILES concluído
Conteúdo:
Template não encontrado: Backup FILES: C:/wamp64/www/lojavirtual/backups/Ficheiros/2026/03/backup_files_2026-03-30_18-19-37.zip


=== EMAIL LOCAL ===
Para: admin@lojavirtual.test
Assunto: Backup BD concluído
Conteúdo:
Template não encontrado: Backup BD: C:/wamp64/www/lojavirtual/backups/BaseDados/2026/04/backup_db_2026-04-05_18-23-44.sql.zip


=== EMAIL LOCAL ===
Para: admin@lojavirtual.test
Assunto: Backup FILES concluído
Conteúdo:
Template não encontrado: Backup FILES: C:/wamp64/www/lojavirtual/backups/Ficheiros/2026/04/backup_files_2026-04-05_18-24-02.zip


=== EMAIL LOCAL ===
Para: admin@lojavirtual.test
Assunto: Backup FILES concluído
Conteúdo:
Template não encontrado: Backup FILES: C:/wamp64/www/lojavirtual/backups/Ficheiros/2026/04/backup_files_2026-04-10_16-45-45.zip


=== EMAIL LOCAL ===
Para: admin@lojavirtual.test
Assunto: Backup BD concluído
Conteúdo:
Template não encontrado: Backup BD: C:/wamp64/www/lojavirtual/backups/BaseDados/2026/04/backup_db_2026-04-10_16-46-00.sql.zip


=== EMAIL LOCAL ===
Para: admin@lojavirtual.test
Assunto: Backup BD concluído
Conteúdo:
Template não encontrado: Backup BD: C:/wamp64/www/lojavirtual/backups/BaseDados/2026/04/backup_db_2026-04-13_21-06-12.sql.zip


=== EMAIL LOCAL ===
Para: admin@lojavirtual.test
Assunto: Backup BD concluído
Conteúdo:
Template não encontrado: Backup BD: C:/wamp64/www/lojavirtual/backups/BaseDados/2026/04/backup_db_2026-04-13_21-16-42.sql.zip


=== EMAIL LOCAL ===
Para: admin@lojavirtual.test
Assunto: Backup FILES concluído
Conteúdo:
Template não encontrado: Backup FILES: C:/wamp64/www/lojavirtual/backups/Ficheiros/2026/04/backup_files_2026-04-13_21-17-27.zip


=== EMAIL LOCAL ===
Para: admin@lojavirtual.test
Assunto: Backup BD concluído
Conteúdo:
Template não encontrado: Backup BD: C:/wamp64/www/lojavirtual/backups/BaseDados/2026/04/backup_db_2026-04-26_19-36-23.sql.zip


=== EMAIL LOCAL ===
Para: admin@lojavirtual.test
Assunto: Backup FILES concluído
Conteúdo:
Template não encontrado: Backup FILES: C:/wamp64/www/lojavirtual/backups/Ficheiros/2026/04/backup_files_2026-04-26_19-37-35.zip


=== EMAIL LOCAL ===
Para: admin@anferaltadocs.test
Assunto: Backup BD concluído
Conteúdo:
Template não encontrado: Backup BD: C:/wamp/www/anferaltadocs/backups/BaseDados/2026/06/backup_db_2026-06-11_18-53-24.sql.zip


=== EMAIL LOCAL ===
Para: admin@anferaltadocs.test
Assunto: Backup FILES concluído
Conteúdo:
Template não encontrado: Backup FILES: C:/wamp/www/anferaltadocs/backups/Ficheiros/2026/06/backup_files_2026-06-11_18-53-40.zip


=== EMAIL LOCAL ===
Para: admin@anferaltadocs.test
Assunto: Backup BD concluído
Conteúdo:
Template não encontrado: Backup BD: C:/wamp/www/anferaltadocs/backups/BaseDados/2026/06/backup_db_2026-06-22_20-15-15.sql.zip


=== EMAIL LOCAL ===
Para: admin@anferaltadocs.test
Assunto: Backup FILES concluído
Conteúdo:
Template não encontrado: Backup FILES: C:/wamp/www/anferaltadocs/backups/Ficheiros/2026/06/backup_files_2026-06-22_20-15-37.zip


=== EMAIL LOCAL ===
Para: admin@anferaltadocs.test
Assunto: Backup FILES concluído
Conteúdo:
Template não encontrado: Backup FILES: C:/wamp/www/anferaltadocs/backups/Ficheiros/2026/06/backup_files_2026-06-22_20-22-37.zip

[2026-06-24 17:23:47] Erro ao enviar email: Could not access file: C:\wamp\www\anferaltadocs\public/../README.md
[2026-06-24 17:35:48] Erro ao enviar email: SMTP Error: Could not authenticate.
[2026-06-24 17:45:04] Erro ao enviar email: SMTP Error: Could not authenticate.
[2026-06-24 17:48:31] Email enviado para geral@anferalta.com | Assunto: Teste de envio
[2026-06-24 17:52:23] Email enviado para geral@anferalta.com | Assunto: Teste de envio
